libsrc/common/copydata.s
libsrc/common/zerobss.s
libsrc/runtime/xor.s
libsrc/runtime/sub.s
libsrc/runtime/lge.s
libsrc/runtime/luge.s
libsrc/runtime/ldaxsp.s
libsrc/runtime/lmod.s
libsrc/runtime/ldec.s
libsrc/runtime/lsubeq.s
libsrc/runtime/rsub.s
libsrc/runtime/asreax3.s
libsrc/runtime/lgt.s
libsrc/runtime/ult.s
libsrc/runtime/uge.s
libsrc/runtime/decax5.s
libsrc/runtime/add.s
libsrc/runtime/steaxspi.s
libsrc/runtime/decax3.s
libsrc/runtime/swap.s
libsrc/runtime/lle.s
libsrc/runtime/ldaxi.s
libsrc/runtime/imul16x16r32.s
libsrc/runtime/lne.s
libsrc/runtime/udiv32by16r16.s
libsrc/runtime/mul.s
libsrc/runtime/lsub.s
libsrc/runtime/incsp7.s
libsrc/runtime/addeqsp.s
libsrc/runtime/incax7.s
libsrc/runtime/incaxy.s
libsrc/runtime/decax7.s
libsrc/runtime/lpop.s
libsrc/runtime/asrax4.s
libsrc/runtime/along.s
libsrc/runtime/addysp.s
libsrc/runtime/aslax4.s
libsrc/runtime/decax4.s
libsrc/runtime/incax6.s
libsrc/runtime/asreax1.s
libsrc/runtime/asr.s
libsrc/runtime/incsp8.s
libsrc/runtime/decsp6.s
libsrc/runtime/mulax6.s
libsrc/runtime/pusha.s
libsrc/runtime/ule.s
libsrc/runtime/toslong.s
libsrc/runtime/bneg.s
libsrc/runtime/decax2.s
libsrc/runtime/decsp5.s
libsrc/runtime/asreax2.s
libsrc/runtime/aslax3.s
libsrc/runtime/lor.s
libsrc/runtime/idiv32by16r16.s
libsrc/runtime/pushax.s
libsrc/runtime/umul16x16r32.s
libsrc/runtime/subysp.s
libsrc/runtime/incax8.s
libsrc/runtime/negabs.s
libsrc/runtime/decax1.s
libsrc/runtime/shelp.s
libsrc/runtime/pushc1.s
libsrc/runtime/push4.s
libsrc/runtime/lmul.s
libsrc/runtime/gt.s
libsrc/runtime/decsp1.s
libsrc/runtime/asleax3.s
libsrc/runtime/asrax1.s
libsrc/runtime/decsp2.s
libsrc/runtime/return0.s
libsrc/runtime/pushb.s
libsrc/runtime/incsp3.s
libsrc/runtime/lcompl.s
libsrc/runtime/lumod.s
libsrc/runtime/lult.s
libsrc/runtime/umul8x8r16.s
libsrc/runtime/call.s
libsrc/runtime/lt.s
libsrc/runtime/shrax1.s
libsrc/runtime/makebool.s
libsrc/runtime/ge.s
libsrc/runtime/lrsub.s
libsrc/runtime/incsp2.s
libsrc/runtime/regswap1.s
libsrc/runtime/eq.s
libsrc/runtime/leaaxsp.s
libsrc/runtime/icmp.s
libsrc/runtime/imul8x8r16.s
libsrc/runtime/pushc2.s
libsrc/runtime/staxspi.s
libsrc/runtime/asreax4.s
libsrc/runtime/ldauisp.s
libsrc/runtime/return1.s
libsrc/runtime/pushbsp.s
libsrc/runtime/ldai.s
libsrc/runtime/shl.s
libsrc/runtime/push5.s
libsrc/runtime/decaxy.s
libsrc/runtime/mul8.s
libsrc/runtime/mulax9.s
libsrc/runtime/staspidx.s
libsrc/runtime/decsp3.s
libsrc/runtime/lasr.s
libsrc/runtime/shreax3.s
libsrc/runtime/regswap.s
libsrc/runtime/ldau0sp.s
libsrc/runtime/lugt.s
libsrc/runtime/shreax2.s
libsrc/runtime/shr.s
libsrc/runtime/ldiv.s
libsrc/runtime/pushwsp.s
libsrc/runtime/asrax2.s
libsrc/runtime/lneg.s
libsrc/runtime/asleax1.s
libsrc/runtime/incax2.s
libsrc/runtime/lpush.s
libsrc/runtime/push3.s
libsrc/runtime/mulax7.s
libsrc/runtime/mulax10.s
libsrc/runtime/pushc0.s
libsrc/runtime/push6.s
libsrc/runtime/callptr4.s
libsrc/runtime/asrax3.s
libsrc/runtime/popa.s
libsrc/runtime/push2.s
libsrc/runtime/asleax4.s
libsrc/runtime/le.s
libsrc/runtime/leq.s
libsrc/runtime/aslax1.s
libsrc/runtime/and.s
libsrc/runtime/lcmp.s
libsrc/runtime/shreax4.s
libsrc/runtime/lshr.s
libsrc/runtime/umul8x16r24.s
libsrc/runtime/aslax2.s
libsrc/runtime/lbneg.s
libsrc/runtime/regswap2.s
libsrc/runtime/laddeqsp.s
libsrc/runtime/mulax5.s
libsrc/runtime/compl.s
libsrc/runtime/laddeq.s
libsrc/runtime/shreax1.s
libsrc/runtime/lule.s
libsrc/runtime/bpushbsp.s
libsrc/runtime/axlong.s
libsrc/runtime/steaxsp.s
libsrc/runtime/mod.s
libsrc/runtime/asleax2.s
libsrc/runtime/pushaff.s
libsrc/runtime/div.s
libsrc/runtime/ldeaxi.s
libsrc/runtime/pushlysp.s
libsrc/runtime/shrax4.s
libsrc/runtime/decsp8.s
libsrc/runtime/shrax2.s
libsrc/runtime/incsp5.s
libsrc/runtime/incsp1.s
libsrc/runtime/linc.s
libsrc/runtime/mulax3.s
libsrc/runtime/ladd.s
libsrc/runtime/lxor.s
libsrc/runtime/incax3.s
libsrc/runtime/ugt.s
libsrc/runtime/incsp6.s
libsrc/runtime/ltest.s
libsrc/runtime/incsp4.s
libsrc/runtime/land.s
libsrc/runtime/pushw.s
libsrc/runtime/push7.s
libsrc/runtime/lshelp.s
libsrc/runtime/lshl.s
libsrc/runtime/shrax3.s
libsrc/runtime/staxsp.s
libsrc/runtime/decsp7.s
libsrc/runtime/incax5.s
libsrc/runtime/ldaui.s
libsrc/runtime/subeqsp.s
libsrc/runtime/decax6.s
libsrc/runtime/decsp4.s
libsrc/runtime/llt.s
libsrc/runtime/jmpvec.s
libsrc/runtime/push1.s
libsrc/runtime/lsave.s
libsrc/runtime/enter.s
libsrc/runtime/ne.s
libsrc/runtime/incax1.s
libsrc/runtime/umod.s
libsrc/runtime/popsreg.s
libsrc/runtime/tosint.s
libsrc/runtime/udiv.s
libsrc/runtime/ludiv.s
libsrc/runtime/leave.s
libsrc/runtime/lsubeqsp.s
libsrc/runtime/decax8.s
libsrc/runtime/or.s
libsrc/runtime/ldeaxysp.s
libsrc/runtime/zeropage.s
libsrc/runtime/popptr1.s