Modules list:
-------------
hello.o:
    CODE              Offs=000000  Size=000047  Align=00001  Fill=0000
    RODATA            Offs=000000  Size=00000E  Align=00001  Fill=0000
    ZEROPAGE          Offs=000000  Size=000001  Align=00001  Fill=0000
chr_generic.o:
    CHARS             Offs=000000  Size=001000  Align=00001  Fill=0000
lz4vram.o:
    CODE              Offs=000047  Size=00017C  Align=00001  Fill=0000
nrom.o:
    INESHDR           Offs=000000  Size=000007  Align=00001  Fill=0000
crt0.o:
    CODE              Offs=0001C3  Size=000D5F  Align=00001  Fill=0000
    ZEROPAGE          Offs=000001  Size=00002B  Align=00001  Fill=0000
    STARTUP           Offs=000000  Size=0000C6  Align=00001  Fill=0000
    VECTORS           Offs=000000  Size=000006  Align=00001  Fill=0000
/usr/share/cc65/lib/c64.lib(condes.o):
    CODE              Offs=000F22  Size=00000C  Align=00001  Fill=0000
    DATA              Offs=000000  Size=000025  Align=00001  Fill=0000
    ONCE              Offs=000000  Size=00000C  Align=00001  Fill=0000
/usr/share/cc65/lib/c64.lib(copydata.o):
    CODE              Offs=000F2E  Size=00002D  Align=00001  Fill=0000
/usr/share/cc65/lib/c64.lib(incsp2.o):
    CODE              Offs=000F5B  Size=000016  Align=00001  Fill=0000
/usr/share/cc65/lib/c64.lib(popa.o):
    CODE              Offs=000F71  Size=00000C  Align=00001  Fill=0000
/usr/share/cc65/lib/c64.lib(pusha.o):
    CODE              Offs=000F7D  Size=000016  Align=00001  Fill=0000
/usr/share/cc65/lib/c64.lib(pushax.o):
    CODE              Offs=000F93  Size=00001A  Align=00001  Fill=0000
/usr/share/cc65/lib/c64.lib(zerobss.o):
    CODE              Offs=000FAD  Size=000023  Align=00001  Fill=0000
/usr/share/cc65/lib/c64.lib(zeropage.o):
    ZEROPAGE          Offs=00002C  Size=00001A  Align=00001  Fill=0000


Segment list:
-------------
Name                   Start     End    Size  Align
----------------------------------------------------
CHARS                 000000  000FFF  001000  00001
INESHDR               000000  000006  000007  00001
ZEROPAGE              000000  000045  000046  00001
DATA                  000200  000224  000025  00001
STARTUP               008000  0080C5  0000C6  00001
ONCE                  0080C6  0080D1  00000C  00001
CODE                  0080D2  0090A1  000FD0  00001
RODATA                0090A2  0090AF  00000E  00001
VECTORS               00FFFA  00FFFF  000006  00001


Exports list by name:
---------------------
__BSS_RUN__               000225 RLA    __BSS_SIZE__              000000 REA    
__CONSTRUCTOR_COUNT__     000000 REA    __CONSTRUCTOR_TABLE__     0080C6 RLA    
__DATA_LOAD__             0090B0 RLA    __DATA_RUN__              000200 RLA    
__DATA_SIZE__             000025 REA    __DESTRUCTOR_COUNT__      000000 REA    
__DESTRUCTOR_TABLE__      0090B0 RLA    __RAM_SIZE__              000600 REA    
__RAM_START__             000200 RLA    __STARTUP__               000001 REA    
_main                     0080D2 RLA    _oam_off                  000000 RLZ    
_pal_col                  008573 RLA    _ppu_on_all               0085BE RLA    
_vram_adr                 00889B RLA    _vram_write               008787 RLA    
copydata                  009000 RLA    initlib                   0080C6 RLA    
popa                      009043 RLA    popax                     00902D RLA    
ptr1                      000034 RLZ    ptr2                      000036 RLZ    
ptr3                      000038 RLZ    ptr4                      00003A RLZ    
pusha                     009053 RLA    pushax                    009069 RLA    
regsave                   000030 RLZ    sp                        00002C RLZ    
sreg                      00002E RLZ    tmp1                      00003C RLZ    
tmp2                      00003D RLZ    tmp3                      00003E RLZ    
tmp4                      00003F RLZ    zerobss                   00907F RLA    



Exports list by value:
----------------------
__BSS_SIZE__              000000 REA    __CONSTRUCTOR_COUNT__     000000 REA    
__DESTRUCTOR_COUNT__      000000 REA    _oam_off                  000000 RLZ    
__STARTUP__               000001 REA    __DATA_SIZE__             000025 REA    
sp                        00002C RLZ    sreg                      00002E RLZ    
regsave                   000030 RLZ    ptr1                      000034 RLZ    
ptr2                      000036 RLZ    ptr3                      000038 RLZ    
ptr4                      00003A RLZ    tmp1                      00003C RLZ    
tmp2                      00003D RLZ    tmp3                      00003E RLZ    
tmp4                      00003F RLZ    __DATA_RUN__              000200 RLA    
__RAM_START__             000200 RLA    __BSS_RUN__               000225 RLA    
__RAM_SIZE__              000600 REA    __CONSTRUCTOR_TABLE__     0080C6 RLA    
initlib                   0080C6 RLA    _main                     0080D2 RLA    
_pal_col                  008573 RLA    _ppu_on_all               0085BE RLA    
_vram_write               008787 RLA    _vram_adr                 00889B RLA    
copydata                  009000 RLA    popax                     00902D RLA    
popa                      009043 RLA    pusha                     009053 RLA    
pushax                    009069 RLA    zerobss                   00907F RLA    
__DATA_LOAD__             0090B0 RLA    __DESTRUCTOR_TABLE__      0090B0 RLA    



Imports list:
-------------
__BSS_RUN__ ([linker generated]):
    zerobss.o                 common/zerobss.s(8)
__BSS_SIZE__ ([linker generated]):
    zerobss.o                 common/zerobss.s(8)
__CONSTRUCTOR_COUNT__ ([linker generated]):
    condes.o                  runtime/condes.s(18)
__CONSTRUCTOR_TABLE__ ([linker generated]):
    condes.o                  runtime/condes.s(18)
__DATA_LOAD__ ([linker generated]):
    copydata.o                common/copydata.s(8)
__DATA_RUN__ ([linker generated]):
    copydata.o                common/copydata.s(8)
__DATA_SIZE__ ([linker generated]):
    copydata.o                common/copydata.s(8)
__DESTRUCTOR_COUNT__ ([linker generated]):
    condes.o                  runtime/condes.s(19)
__DESTRUCTOR_TABLE__ ([linker generated]):
    condes.o                  runtime/condes.s(19)
__RAM_SIZE__ ([linker generated]):
    crt0.o                    crt0.s(17)
__RAM_START__ ([linker generated]):
    crt0.o                    crt0.s(17)
__STARTUP__ (crt0.o):
    hello.o                   hello.s(13)
_main (hello.o):
    crt0.o                    crt0.s(14)
_oam_off (hello.o):
    crt0.o                    ./../includes/display.sinc(1)
_pal_col (crt0.o):
    hello.o                   hello.s(14)
_ppu_on_all (crt0.o):
    hello.o                   hello.s(15)
_vram_adr (crt0.o):
    hello.o                   hello.s(16)
_vram_write (crt0.o):
    lz4vram.o                 lz4vram.s(10)
    hello.o                   hello.s(17)
copydata (copydata.o):
    crt0.o                    crt0.s(14)
initlib (condes.o):
    crt0.o                    crt0.s(14)
popa (popa.o):
    crt0.o                    crt0.s(14)
popax (incsp2.o):
    crt0.o                    crt0.s(14)
    lz4vram.o                 lz4vram.s(10)
ptr1 (zeropage.o):
    zerobss.o                 common/zerobss.s(9)
    copydata.o                common/copydata.s(9)
    lz4vram.o                 lz4vram.s(8)
ptr2 (zeropage.o):
    copydata.o                common/copydata.s(9)
    lz4vram.o                 lz4vram.s(8)
ptr3 (zeropage.o):
    lz4vram.o                 lz4vram.s(8)
ptr4 (zeropage.o):
    lz4vram.o                 lz4vram.s(8)
pusha (pusha.o):
    hello.o                   hello.s(78)
pushax (pushax.o):
    lz4vram.o                 lz4vram.s(10)
    hello.o                   hello.s(78)
regsave (zeropage.o):
    lz4vram.o                 lz4vram.s(7)
sp (zeropage.o):
    pushax.o                  runtime/pushax.s(8)
    pusha.o                   runtime/pusha.s(8)
    popa.o                    runtime/popa.s(8)
    incsp2.o                  runtime/incsp2.s(8)
    crt0.o                    /usr/share/cc65/asminc/zeropage.inc(11)
sreg (zeropage.o):
    lz4vram.o                 lz4vram.s(7)
tmp1 (zeropage.o):
    copydata.o                common/copydata.s(9)
    lz4vram.o                 lz4vram.s(8)
tmp2 (zeropage.o):
    lz4vram.o                 lz4vram.s(8)
tmp3 (zeropage.o):
    lz4vram.o                 lz4vram.s(8)
tmp4 (zeropage.o):
    lz4vram.o                 lz4vram.s(8)
zerobss (zerobss.o):
    crt0.o                    crt0.s(14)

